'R44.children_partition_2P' does not depend on any axioms
'R44.contact_closure_30' depends on axioms: [R44.contact_closure_30._native.native_decide.ax_1_1]
'R44.profile_canonical' depends on axioms: [propext, R44.profile_canonical._native.native_decide.ax_1_1]
'R44.atlas_44' depends on axioms: [propext, Classical.choice, Quot.sound, R44.atlas_44._native.native_decide.ax_1_1]
'R44.first_shells_33' depends on axioms: [propext, R44.first_shells_33._native.native_decide.ax_1_1]
'R44.central_completion' depends on axioms: [propext, R44.central_completion._native.native_decide.ax_1_1]
'R44.parent_conflicts_28' depends on axioms: [R44.parent_conflicts_28._native.native_decide.ax_1_1]
'R44.parent_atlas_eq_fine' depends on axioms: [propext, Classical.choice, Quot.sound, R44.parent_atlas_eq_fine._native.native_decide.ax_1_1]
'R44.mates_census' depends on axioms: [propext, Classical.choice, Quot.sound, R44.mates_census._native.native_decide.ax_1_1]
'R44.deviations_distinct' does not depend on any axioms
'R44.no_native_symmetry' depends on axioms: [propext]
'R44.native_features_length' depends on axioms: [propext]
'R44.native_feature_centers_nodup' depends on axioms: [propext]
'R44.native_feature_normal_axis' depends on axioms: [propext]
'R44.solid_mesh_exact' depends on axioms: [propext, Classical.choice, Quot.sound, R44.solid_mesh_exact._native.native_decide.ax_1_1]
'R44.boundary_sphere' depends on axioms: [propext, Classical.choice, Quot.sound, R44.boundary_sphere._native.native_decide.ax_1_1]
'R44.nested_substitution_controls' depends on axioms: [propext, Quot.sound, R44.nested_substitution_controls._native.native_decide.ax_1_1]
'R44.hierarchy_cell_controls' depends on axioms: [R44.hierarchy_cell_controls._native.native_decide.ax_1_1]
'R44.registered_shell_cell_controls' depends on axioms: [propext, R44.registered_shell_cell_controls._native.native_decide.ax_1_1]
'R44.orientation_group_24' depends on axioms: [propext, Quot.sound, R44.orientation_group_24._native.native_decide.ax_1_1]
'R44.substitution_modular_coincidence' depends on axioms: [propext, R44.substitution_modular_coincidence._native.native_decide.ax_1_1]
'R44.seed_language_closure' depends on axioms: [propext, Quot.sound, R44.seed_language_closure._native.native_decide.ax_1_1]
'R44.mesh_angle_audit' depends on axioms: [propext, Classical.choice, Quot.sound, R44.mesh_angle_audit._native.native_decide.ax_1_1]
'R44.no_self_mate' depends on axioms: [propext, Classical.choice, Quot.sound]
'R44.unitCube_compact' depends on axioms: [propext, Classical.choice, Quot.sound]
'R44.unitCube_regularClosed' depends on axioms: [propext, Classical.choice, Quot.sound]
'R44.unitCube_interior_nonempty' depends on axioms: [propext, Classical.choice, Quot.sound]
'R44.P_compact' depends on axioms: [propext, Classical.choice, Quot.sound]
'R44.P_regularClosed' depends on axioms: [propext, Classical.choice, Quot.sound]
'R44.P_interior_nonempty' depends on axioms: [propext, Classical.choice, Quot.sound]
'R44.cellCenter_mem_interior_unitCube' depends on axioms: [propext, Classical.choice, Quot.sound]
'R44.featureTubeMap_fixed_on_boundary' depends on axioms: [propext, Classical.choice, Quot.sound]
'R44.featureTubeSupport_coordinate_bound' depends on axioms: [propext, Classical.choice, Quot.sound]
'R44.featureTubeSupports_pairwiseDisjoint' depends on axioms: [propext, Classical.choice, Quot.sound]
'R44.planar_area_native_reduction' depends on axioms: [propext, Classical.choice, Quot.sound]
'R44.hasTubeHomeomorphism_of_tube_construction' depends on axioms: [propext, Classical.choice, Quot.sound]
'R44.P_homeomorphic_Q_of_tube_homeomorphism' depends on axioms: [propext, Classical.choice, Quot.sound]
'R44.Q_compact_of_tube_homeomorphism' depends on axioms: [propext, Classical.choice, Quot.sound]
'R44.Q_regularClosed_of_tube_homeomorphism' depends on axioms: [propext, Classical.choice, Quot.sound]
'R44.Q_interior_nonempty_of_tube_homeomorphism' depends on axioms: [propext, Classical.choice, Quot.sound]
'R44.compactRegularClosedBall_of_tube_homeomorphism' depends on axioms: [propext, Classical.choice, Quot.sound]
'R44.tube_homeomorphism' depends on axioms: [propext, Classical.choice, Quot.sound, R44.profile_canonical._native.native_decide.ax_1_1]
'R44.tube_ball' depends on axioms: [propext, Classical.choice, Quot.sound, R44.profile_canonical._native.native_decide.ax_1_1]
'R44.local_finiteness' depends on axioms: [propext, Classical.choice, Quot.sound]
'R44.strictDownwardCone_isOpen' depends on axioms: [propext, Classical.choice, Quot.sound]
'R44.strictDownwardCone_subset_tangentCone_hypograph' depends on axioms: [propext, Classical.choice, Quot.sound]
'R44.circularCone_isOpen' depends on axioms: [propext, Classical.choice, Quot.sound]
'R44.coneAngle_gt_four_pi_div_three_iff' depends on axioms: [propext, Classical.choice, Quot.sound]
'R44.solidAngle_linearIsometry_image' depends on axioms: [propext, Classical.choice, Quot.sound]
'R44.solidAngle_mono' depends on axioms: [propext, Classical.choice, Quot.sound]
'R44.r44_cone_angle_bound' depends on axioms: [propext, Classical.choice, Quot.sound]
'R44.uniform_solid_angle' depends on axioms: [propext, Classical.choice, Quot.sound, R44.profile_canonical._native.native_decide.ax_1_1]
'R44.native_asymmetry_planar_reduction' depends on axioms: [propext, Classical.choice, Quot.sound, R44.profile_canonical._native.native_decide.ax_1_1, R44.transported_role_geometry._native.native_decide.ax_1_1]
'R44.native_asymmetry_reduction' depends on axioms: [propext, Classical.choice, Quot.sound]
'R44.retained_core_overlap_holds' depends on axioms: [propext, Classical.choice, Quot.sound]
'R44.carrier_feature_frame_reduction_holds' depends on axioms: [propext, Classical.choice, Quot.sound, R44.profile_canonical._native.native_decide.ax_1_1, R44.transported_role_geometry._native.native_decide.ax_1_1]
'R44.circular_cone_solid_angle_holds' depends on axioms: [propext, Classical.choice, Quot.sound]
'R44.per_tube_homeomorphisms_holds' depends on axioms: [propext, Classical.choice, Quot.sound, R44.profile_canonical._native.native_decide.ax_1_1]
'R44.feature_tube_maps_glue_holds' depends on axioms: [propext, Classical.choice, Quot.sound, R44.profile_canonical._native.native_decide.ax_1_1]
'R44.feature_tube_map_carries_carrier_holds' depends on axioms: [propext, Classical.choice, Quot.sound, R44.profile_canonical._native.native_decide.ax_1_1]
'R44.feature_circular_cone_containment_holds' depends on axioms: [propext, Classical.choice, Quot.sound, R44.profile_canonical._native.native_decide.ax_1_1]
'R44.planar_area_carrier_recovery_holds' depends on axioms: [propext, Classical.choice, Quot.sound]
'R44.mate_records_roles_nonempty' depends on axioms: [propext, Classical.choice, Quot.sound, R44.mate_records_roles_nonempty._native.native_decide.ax_1_1]
'R44.cone_sector_budgets_holds' depends on axioms: [propext, Classical.choice, Quot.sound, R44.profile_canonical._native.native_decide.ax_1_1]
'R44.connected_feature_companion_holds' depends on axioms: [propext, Classical.choice, Quot.sound, R44.profile_canonical._native.native_decide.ax_1_1]
'R44.feature_containment_rigidity_holds' depends on axioms: [propext, Classical.choice, Quot.sound, R44.profile_canonical._native.native_decide.ax_1_1]
'R44.companion_pose_discrete_holds' depends on axioms: [propext, Classical.choice, Quot.sound, R44.mate_records_roles_nonempty._native.native_decide.ax_1_1, R44.profile_canonical._native.native_decide.ax_1_1]
'R44.only_registered_mates_holds' depends on axioms: [propext, Classical.choice, Quot.sound]
'R44.component_solids_cover_holds' depends on axioms: [propext, Classical.choice, Quot.sound]
'R44.small_collar_realization_holds' depends on axioms: [propext, Classical.choice, Quot.sound, R44.atlas_44._native.native_decide.ax_1_1, R44.profile_canonical._native.native_decide.ax_1_1, R44.registered_shell_cell_controls._native.native_decide.ax_1_1]
'R44.DischargeAssembly.registered_assembly_collar_data' depends on axioms: [propext, Classical.choice, Quot.sound, R44.atlas_44._native.native_decide.ax_1_1, R44.profile_canonical._native.native_decide.ax_1_1, R44.registered_shell_cell_controls._native.native_decide.ax_1_1]
'R44.DischargeCarrierStrata.carrier_coordinate_states_table' depends on axioms: [propext, Quot.sound, R44.DischargeCarrierStrata.carrier_coordinate_states_table._native.native_decide.ax_1_1]
'R44.DischargeMeshTrace.native_mesh_incidence_trace' depends on axioms: [propext, Classical.choice, Quot.sound, R44.DischargeMeshTrace.native_mesh_incidence_trace._native.native_decide.ax_1_1]
'R44.DischargeVertexData.feature_index_bounds' depends on axioms: [R44.DischargeVertexData.feature_index_bounds._native.native_decide.ax_1_1]
'R44.DischargeVertexData.feature_vertex_lookup' depends on axioms: [propext, Classical.choice, Quot.sound, R44.DischargeVertexData.feature_vertex_lookup._native.native_decide.ax_1_1]
'R44.DischargeVertexData.carrier_vertex_lookup' depends on axioms: [propext, Classical.choice, Quot.sound, R44.DischargeVertexData.carrier_vertex_lookup._native.native_decide.ax_1_1]
'R44.DischargeMeridian.native_oriented_wedge_charts' depends on axioms: [propext, Classical.choice, Quot.sound, R44.profile_canonical._native.native_decide.ax_1_1, R44.DischargeCarrierStrata.carrier_coordinate_states_table._native.native_decide.ax_1_1, R44.DischargeMeshTrace.native_mesh_incidence_trace._native.native_decide.ax_1_1]
'R44.DischargeNativeStrata.native_boundary_strata' depends on axioms: [propext, Classical.choice, Quot.sound, R44.profile_canonical._native.native_decide.ax_1_1, R44.solid_mesh_exact._native.native_decide.ax_1_1, R44.DischargeVertexData.carrier_vertex_lookup._native.native_decide.ax_1_1, R44.DischargeVertexData.feature_index_bounds._native.native_decide.ax_1_1, R44.DischargeVertexData.feature_vertex_lookup._native.native_decide.ax_1_1]
'R44.complete_dihedral_list_holds' depends on axioms: [propext, Classical.choice, Quot.sound, R44.profile_canonical._native.native_decide.ax_1_1, R44.DischargeCarrierStrata.carrier_coordinate_states_table._native.native_decide.ax_1_1, R44.DischargeMeshTrace.native_mesh_incidence_trace._native.native_decide.ax_1_1]
'R44.generic_feature_partner_holds' depends on axioms: [propext, Classical.choice, Quot.sound, R44.profile_canonical._native.native_decide.ax_1_1, R44.solid_mesh_exact._native.native_decide.ax_1_1, R44.DischargeVertexData.carrier_vertex_lookup._native.native_decide.ax_1_1, R44.DischargeVertexData.feature_index_bounds._native.native_decide.ax_1_1, R44.DischargeVertexData.feature_vertex_lookup._native.native_decide.ax_1_1]
'R44.baseline_component_covers_grid_holds' depends on axioms: [propext, Classical.choice, Quot.sound, R44.atlas_44._native.native_decide.ax_1_1, R44.mate_records_roles_nonempty._native.native_decide.ax_1_1, R44.mates_census._native.native_decide.ax_1_1, R44.mesh_angle_audit._native.native_decide.ax_1_1, R44.profile_canonical._native.native_decide.ax_1_1, R44.registered_shell_cell_controls._native.native_decide.ax_1_1, R44.solid_mesh_exact._native.native_decide.ax_1_1, R44.DischargeCarrierStrata.carrier_coordinate_states_table._native.native_decide.ax_1_1, R44.DischargeMeshTrace.native_mesh_incidence_trace._native.native_decide.ax_1_1, R44.DischargeVertexData.carrier_vertex_lookup._native.native_decide.ax_1_1, R44.DischargeVertexData.feature_index_bounds._native.native_decide.ax_1_1, R44.DischargeVertexData.feature_vertex_lookup._native.native_decide.ax_1_1]
'R44.unrestricted_alignment_holds' depends on axioms: [propext, Classical.choice, Quot.sound, R44.atlas_44._native.native_decide.ax_1_1, R44.mate_records_roles_nonempty._native.native_decide.ax_1_1, R44.mates_census._native.native_decide.ax_1_1, R44.mesh_angle_audit._native.native_decide.ax_1_1, R44.profile_canonical._native.native_decide.ax_1_1, R44.registered_shell_cell_controls._native.native_decide.ax_1_1, R44.solid_mesh_exact._native.native_decide.ax_1_1, R44.DischargeCarrierStrata.carrier_coordinate_states_table._native.native_decide.ax_1_1, R44.DischargeMeshTrace.native_mesh_incidence_trace._native.native_decide.ax_1_1, R44.DischargeVertexData.carrier_vertex_lookup._native.native_decide.ax_1_1, R44.DischargeVertexData.feature_index_bounds._native.native_decide.ax_1_1, R44.DischargeVertexData.feature_vertex_lookup._native.native_decide.ax_1_1]
'R44.registration_of_tiling' depends on axioms: [propext, Classical.choice, Quot.sound, R44.atlas_44._native.native_decide.ax_1_1, R44.mate_records_roles_nonempty._native.native_decide.ax_1_1, R44.mates_census._native.native_decide.ax_1_1, R44.mesh_angle_audit._native.native_decide.ax_1_1, R44.orientation_group_24._native.native_decide.ax_1_1, R44.profile_canonical._native.native_decide.ax_1_1, R44.registered_shell_cell_controls._native.native_decide.ax_1_1, R44.solid_mesh_exact._native.native_decide.ax_1_1, R44.DischargeCarrierStrata.carrier_coordinate_states_table._native.native_decide.ax_1_1, R44.DischargeMeshTrace.native_mesh_incidence_trace._native.native_decide.ax_1_1, R44.DischargeVertexData.carrier_vertex_lookup._native.native_decide.ax_1_1, R44.DischargeVertexData.feature_index_bounds._native.native_decide.ax_1_1, R44.DischargeVertexData.feature_vertex_lookup._native.native_decide.ax_1_1]
'R44.handedness_eq_one_or_neg_one' depends on axioms: [propext, Classical.choice, Quot.sound]
'R44.handedness_mul' depends on axioms: [propext, Classical.choice, Quot.sound]
'R44.Registration.handedness_eq' depends on axioms: [propext, Classical.choice, Quot.sound]
'R44.tiling_homochiral' depends on axioms: [propext, Classical.choice, Quot.sound, R44.atlas_44._native.native_decide.ax_1_1, R44.mate_records_roles_nonempty._native.native_decide.ax_1_1, R44.mates_census._native.native_decide.ax_1_1, R44.mesh_angle_audit._native.native_decide.ax_1_1, R44.orientation_group_24._native.native_decide.ax_1_1, R44.profile_canonical._native.native_decide.ax_1_1, R44.registered_shell_cell_controls._native.native_decide.ax_1_1, R44.solid_mesh_exact._native.native_decide.ax_1_1, R44.DischargeCarrierStrata.carrier_coordinate_states_table._native.native_decide.ax_1_1, R44.DischargeMeshTrace.native_mesh_incidence_trace._native.native_decide.ax_1_1, R44.DischargeVertexData.carrier_vertex_lookup._native.native_decide.ax_1_1, R44.DischargeVertexData.feature_index_bounds._native.native_decide.ax_1_1, R44.DischargeVertexData.feature_vertex_lookup._native.native_decide.ax_1_1]
'R44.tiling_orientation_normalization' depends on axioms: [propext, Classical.choice, Quot.sound, R44.atlas_44._native.native_decide.ax_1_1, R44.mate_records_roles_nonempty._native.native_decide.ax_1_1, R44.mates_census._native.native_decide.ax_1_1, R44.mesh_angle_audit._native.native_decide.ax_1_1, R44.orientation_group_24._native.native_decide.ax_1_1, R44.profile_canonical._native.native_decide.ax_1_1, R44.registered_shell_cell_controls._native.native_decide.ax_1_1, R44.solid_mesh_exact._native.native_decide.ax_1_1, R44.DischargeCarrierStrata.carrier_coordinate_states_table._native.native_decide.ax_1_1, R44.DischargeMeshTrace.native_mesh_incidence_trace._native.native_decide.ax_1_1, R44.DischargeVertexData.carrier_vertex_lookup._native.native_decide.ax_1_1, R44.DischargeVertexData.feature_index_bounds._native.native_decide.ax_1_1, R44.DischargeVertexData.feature_vertex_lookup._native.native_decide.ax_1_1]
'R44.tiling_handedness_dichotomy' depends on axioms: [propext, Classical.choice, Quot.sound, R44.atlas_44._native.native_decide.ax_1_1, R44.mate_records_roles_nonempty._native.native_decide.ax_1_1, R44.mates_census._native.native_decide.ax_1_1, R44.mesh_angle_audit._native.native_decide.ax_1_1, R44.orientation_group_24._native.native_decide.ax_1_1, R44.profile_canonical._native.native_decide.ax_1_1, R44.registered_shell_cell_controls._native.native_decide.ax_1_1, R44.solid_mesh_exact._native.native_decide.ax_1_1, R44.DischargeCarrierStrata.carrier_coordinate_states_table._native.native_decide.ax_1_1, R44.DischargeMeshTrace.native_mesh_incidence_trace._native.native_decide.ax_1_1, R44.DischargeVertexData.carrier_vertex_lookup._native.native_decide.ax_1_1, R44.DischargeVertexData.feature_index_bounds._native.native_decide.ax_1_1, R44.DischargeVertexData.feature_vertex_lookup._native.native_decide.ax_1_1]
'R44.no_mixed_handedness' depends on axioms: [propext, Classical.choice, Quot.sound, R44.atlas_44._native.native_decide.ax_1_1, R44.mate_records_roles_nonempty._native.native_decide.ax_1_1, R44.mates_census._native.native_decide.ax_1_1, R44.mesh_angle_audit._native.native_decide.ax_1_1, R44.orientation_group_24._native.native_decide.ax_1_1, R44.profile_canonical._native.native_decide.ax_1_1, R44.registered_shell_cell_controls._native.native_decide.ax_1_1, R44.solid_mesh_exact._native.native_decide.ax_1_1, R44.DischargeCarrierStrata.carrier_coordinate_states_table._native.native_decide.ax_1_1, R44.DischargeMeshTrace.native_mesh_incidence_trace._native.native_decide.ax_1_1, R44.DischargeVertexData.carrier_vertex_lookup._native.native_decide.ax_1_1, R44.DischargeVertexData.feature_index_bounds._native.native_decide.ax_1_1, R44.DischargeVertexData.feature_vertex_lookup._native.native_decide.ax_1_1]
'R44.tiling_chirality_corollary' depends on axioms: [propext, Classical.choice, Quot.sound, R44.atlas_44._native.native_decide.ax_1_1, R44.mate_records_roles_nonempty._native.native_decide.ax_1_1, R44.mates_census._native.native_decide.ax_1_1, R44.mesh_angle_audit._native.native_decide.ax_1_1, R44.orientation_group_24._native.native_decide.ax_1_1, R44.profile_canonical._native.native_decide.ax_1_1, R44.registered_shell_cell_controls._native.native_decide.ax_1_1, R44.solid_mesh_exact._native.native_decide.ax_1_1, R44.DischargeCarrierStrata.carrier_coordinate_states_table._native.native_decide.ax_1_1, R44.DischargeMeshTrace.native_mesh_incidence_trace._native.native_decide.ax_1_1, R44.DischargeVertexData.carrier_vertex_lookup._native.native_decide.ax_1_1, R44.DischargeVertexData.feature_index_bounds._native.native_decide.ax_1_1, R44.DischargeVertexData.feature_vertex_lookup._native.native_decide.ax_1_1]
'R44.parent_local_to_global' depends on axioms: [propext, Classical.choice, Quot.sound, R44.atlas_44._native.native_decide.ax_1_1, R44.mate_records_roles_nonempty._native.native_decide.ax_1_1, R44.mates_census._native.native_decide.ax_1_1, R44.mesh_angle_audit._native.native_decide.ax_1_1, R44.profile_canonical._native.native_decide.ax_1_1, R44.registered_shell_cell_controls._native.native_decide.ax_1_1, R44.solid_mesh_exact._native.native_decide.ax_1_1, R44.DischargeCarrierStrata.carrier_coordinate_states_table._native.native_decide.ax_1_1, R44.DischargeMeshTrace.native_mesh_incidence_trace._native.native_decide.ax_1_1, R44.DischargeVertexData.carrier_vertex_lookup._native.native_decide.ax_1_1, R44.DischargeVertexData.feature_index_bounds._native.native_decide.ax_1_1, R44.DischargeVertexData.feature_vertex_lookup._native.native_decide.ax_1_1]
'R44.unique_parent' depends on axioms: [propext, Classical.choice, Quot.sound, R44.atlas_44._native.native_decide.ax_1_1, R44.central_completion._native.native_decide.ax_1_1, R44.first_shells_33._native.native_decide.ax_1_1, R44.mate_records_roles_nonempty._native.native_decide.ax_1_1, R44.mates_census._native.native_decide.ax_1_1, R44.mesh_angle_audit._native.native_decide.ax_1_1, R44.orientation_group_24._native.native_decide.ax_1_1, R44.parent_conflicts_28._native.native_decide.ax_1_1, R44.profile_canonical._native.native_decide.ax_1_1, R44.registered_shell_cell_controls._native.native_decide.ax_1_1, R44.solid_mesh_exact._native.native_decide.ax_1_1, R44.DischargeCarrierStrata.carrier_coordinate_states_table._native.native_decide.ax_1_1, R44.DischargeMeshTrace.native_mesh_incidence_trace._native.native_decide.ax_1_1, R44.DischargeVertexData.carrier_vertex_lookup._native.native_decide.ax_1_1, R44.DischargeVertexData.feature_index_bounds._native.native_decide.ax_1_1, R44.DischargeVertexData.feature_vertex_lookup._native.native_decide.ax_1_1]
'R44.Packing.ext' depends on axioms: [propext, Classical.choice, Quot.sound]
'R44.Tiling.ext' depends on axioms: [propext, Classical.choice, Quot.sound]
'R44.realizesPose_unique' depends on axioms: [propext, Classical.choice, Quot.sound]
'R44.childOfParent_unique' depends on axioms: [propext, Classical.choice, Quot.sound]
'R44.ParentPartition.ext' depends on axioms: [propext, Classical.choice, Quot.sound]
'R44.hasUniqueParent_of_completeParents' depends on axioms: [propext, Classical.choice, Quot.sound]
'R44.halfPose_mul' depends on axioms: [propext, Classical.choice, Quot.sound]
'R44.halfPose_translate' depends on axioms: [propext, Classical.choice, Quot.sound]
'R44.halfPose_realizes_halvePose' depends on axioms: [propext, Classical.choice, Quot.sound]
'R44.computedMacroLegal_even' depends on axioms: [propext, Classical.choice, Quot.sound]
'R44.halfPose_realizes_doubledPose' depends on axioms: [propext, Classical.choice, Quot.sound]
'R44.halvedParentPoses_translate' depends on axioms: [propext, Classical.choice, Quot.sound]
'R44.closedContacts_subset_legal' depends on axioms: [propext, Classical.choice, Quot.sound]
'R44.hierarchyPatch_one' depends on axioms: [propext, Quot.sound]
'R44.hierarchyPatch_two' depends on axioms: [propext, Quot.sound]
'R44.hierarchy_patch_nesting' depends on axioms: [propext, Classical.choice, Quot.sound]
'R44.cells_refine' depends on axioms: [propext, Classical.choice, Quot.sound]
'R44.cells_two_refine' depends on axioms: [propext, Classical.choice, Quot.sound]
'R44.hierarchy_cells_disjoint' depends on axioms: [propext, Classical.choice, Quot.sound]
'R44.hierarchy_box_containment' depends on axioms: [propext, Classical.choice, Quot.sound]
'R44.hierarchy_boxes_exhaust' depends on axioms: [propext, Classical.choice, Quot.sound]
'R44.nested_contact_language' depends on axioms: [propext, Classical.choice, Quot.sound]
'R44.nested_baseline_assembly' depends on axioms: [propext, Classical.choice, Quot.sound]
'R44.nested_atlas_baseline_assembly' depends on axioms: [propext, Classical.choice, Quot.sound, R44.atlas_44._native.native_decide.ax_1_1, R44.hierarchy_cell_controls._native.native_decide.ax_1_1]
'R44.formula_mate_owns_far_cell' depends on axioms: [propext, Classical.choice, Quot.sound]
'R44.body_cellCenter_mem_interior' depends on axioms: [propext, Classical.choice, Quot.sound]
'R44.component_cell_owner_unique' depends on axioms: [propext, Classical.choice, Quot.sound]
'R44.perm_lt_three' depends on axioms: [propext, Classical.choice, Quot.sound]
'R44.frameCoordinate_of_lt' depends on axioms: [propext, Classical.choice, Quot.sound]
'R44.frameActReal_mul' depends on axioms: [propext, Classical.choice, Quot.sound]
'R44.frameActReal_transpose' depends on axioms: [propext, Classical.choice, Quot.sound]
'R44.realizesPose_relative' depends on axioms: [propext, Classical.choice, Quot.sound]
'R44.role_companion_owns_far_cell' depends on axioms: [propext, Classical.choice, Quot.sound, R44.mate_records_roles_nonempty._native.native_decide.ax_1_1, R44.mates_census._native.native_decide.ax_1_1, R44.mesh_angle_audit._native.native_decide.ax_1_1, R44.profile_canonical._native.native_decide.ax_1_1, R44.registered_shell_cell_controls._native.native_decide.ax_1_1, R44.solid_mesh_exact._native.native_decide.ax_1_1, R44.DischargeCarrierStrata.carrier_coordinate_states_table._native.native_decide.ax_1_1, R44.DischargeMeshTrace.native_mesh_incidence_trace._native.native_decide.ax_1_1, R44.DischargeVertexData.carrier_vertex_lookup._native.native_decide.ax_1_1, R44.DischargeVertexData.feature_index_bounds._native.native_decide.ax_1_1, R44.DischargeVertexData.feature_vertex_lookup._native.native_decide.ax_1_1]
'R44.shellCell_unique_owner_with_index' depends on axioms: [propext, Classical.choice, Quot.sound, R44.mate_records_roles_nonempty._native.native_decide.ax_1_1, R44.mates_census._native.native_decide.ax_1_1, R44.mesh_angle_audit._native.native_decide.ax_1_1, R44.profile_canonical._native.native_decide.ax_1_1, R44.registered_shell_cell_controls._native.native_decide.ax_1_1, R44.solid_mesh_exact._native.native_decide.ax_1_1, R44.DischargeCarrierStrata.carrier_coordinate_states_table._native.native_decide.ax_1_1, R44.DischargeMeshTrace.native_mesh_incidence_trace._native.native_decide.ax_1_1, R44.DischargeVertexData.carrier_vertex_lookup._native.native_decide.ax_1_1, R44.DischargeVertexData.feature_index_bounds._native.native_decide.ax_1_1, R44.DischargeVertexData.feature_vertex_lookup._native.native_decide.ax_1_1]
'R44.enumerateShells_complete' depends on axioms: [propext, Classical.choice, Quot.sound]
'R44.realizesPose_pose_unique' depends on axioms: [propext, Classical.choice, Quot.sound]
'R44.featureAdjacent_comm' depends on axioms: [propext, Classical.choice, Quot.sound]
'R44.sameFeatureComponent_symm' depends on axioms: [propext, Classical.choice, Quot.sound]
'R44.sameFeatureComponent_trans' depends on axioms: [propext, Classical.choice, Quot.sound]
'R44.shellOwner_indices_compatible' depends on axioms: [propext, Classical.choice, Quot.sound, R44.mate_records_roles_nonempty._native.native_decide.ax_1_1, R44.mates_census._native.native_decide.ax_1_1, R44.mesh_angle_audit._native.native_decide.ax_1_1, R44.profile_canonical._native.native_decide.ax_1_1, R44.registered_shell_cell_controls._native.native_decide.ax_1_1, R44.solid_mesh_exact._native.native_decide.ax_1_1, R44.DischargeCarrierStrata.carrier_coordinate_states_table._native.native_decide.ax_1_1, R44.DischargeMeshTrace.native_mesh_incidence_trace._native.native_decide.ax_1_1, R44.DischargeVertexData.carrier_vertex_lookup._native.native_decide.ax_1_1, R44.DischargeVertexData.feature_index_bounds._native.native_decide.ax_1_1, R44.DischargeVertexData.feature_vertex_lookup._native.native_decide.ax_1_1]
'R44.mem_realizedShellCover' depends on axioms: [propext, Classical.choice, Quot.sound]
'R44.realizedShellCover_exact' depends on axioms: [propext, Classical.choice, Quot.sound, R44.mate_records_roles_nonempty._native.native_decide.ax_1_1, R44.mates_census._native.native_decide.ax_1_1, R44.mesh_angle_audit._native.native_decide.ax_1_1, R44.profile_canonical._native.native_decide.ax_1_1, R44.registered_shell_cell_controls._native.native_decide.ax_1_1, R44.solid_mesh_exact._native.native_decide.ax_1_1, R44.DischargeCarrierStrata.carrier_coordinate_states_table._native.native_decide.ax_1_1, R44.DischargeMeshTrace.native_mesh_incidence_trace._native.native_decide.ax_1_1, R44.DischargeVertexData.carrier_vertex_lookup._native.native_decide.ax_1_1, R44.DischargeVertexData.feature_index_bounds._native.native_decide.ax_1_1, R44.DischargeVertexData.feature_vertex_lookup._native.native_decide.ax_1_1]
'R44.realizedShellCover_compatible' depends on axioms: [propext, Classical.choice, Quot.sound, R44.mate_records_roles_nonempty._native.native_decide.ax_1_1, R44.mates_census._native.native_decide.ax_1_1, R44.mesh_angle_audit._native.native_decide.ax_1_1, R44.profile_canonical._native.native_decide.ax_1_1, R44.registered_shell_cell_controls._native.native_decide.ax_1_1, R44.solid_mesh_exact._native.native_decide.ax_1_1, R44.DischargeCarrierStrata.carrier_coordinate_states_table._native.native_decide.ax_1_1, R44.DischargeMeshTrace.native_mesh_incidence_trace._native.native_decide.ax_1_1, R44.DischargeVertexData.carrier_vertex_lookup._native.native_decide.ax_1_1, R44.DischargeVertexData.feature_index_bounds._native.native_decide.ax_1_1, R44.DischargeVertexData.feature_vertex_lookup._native.native_decide.ax_1_1]
'R44.registered_first_shells' depends on axioms: [propext, Classical.choice, Quot.sound, R44.atlas_44._native.native_decide.ax_1_1, R44.mate_records_roles_nonempty._native.native_decide.ax_1_1, R44.mates_census._native.native_decide.ax_1_1, R44.mesh_angle_audit._native.native_decide.ax_1_1, R44.profile_canonical._native.native_decide.ax_1_1, R44.registered_shell_cell_controls._native.native_decide.ax_1_1, R44.solid_mesh_exact._native.native_decide.ax_1_1, R44.DischargeCarrierStrata.carrier_coordinate_states_table._native.native_decide.ax_1_1, R44.DischargeMeshTrace.native_mesh_incidence_trace._native.native_decide.ax_1_1, R44.DischargeVertexData.carrier_vertex_lookup._native.native_decide.ax_1_1, R44.DischargeVertexData.feature_index_bounds._native.native_decide.ax_1_1, R44.DischargeVertexData.feature_vertex_lookup._native.native_decide.ax_1_1]
'R44.realizesPose_transform' depends on axioms: [propext, Classical.choice, Quot.sound]
'R44.touch_relative_has_shell_cell' depends on axioms: [propext, Classical.choice, Quot.sound, R44.atlas_44._native.native_decide.ax_1_1]
'R44.certified_shells_complete_parents' depends on axioms: [propext, Classical.choice, Quot.sound, R44.atlas_44._native.native_decide.ax_1_1, R44.registered_shell_cell_controls._native.native_decide.ax_1_1]
'R44.complete_parent_conflicts' depends on axioms: [propext, Classical.choice, Quot.sound, R44.atlas_44._native.native_decide.ax_1_1, R44.mate_records_roles_nonempty._native.native_decide.ax_1_1, R44.mates_census._native.native_decide.ax_1_1, R44.mesh_angle_audit._native.native_decide.ax_1_1, R44.profile_canonical._native.native_decide.ax_1_1, R44.registered_shell_cell_controls._native.native_decide.ax_1_1, R44.solid_mesh_exact._native.native_decide.ax_1_1, R44.DischargeCarrierStrata.carrier_coordinate_states_table._native.native_decide.ax_1_1, R44.DischargeMeshTrace.native_mesh_incidence_trace._native.native_decide.ax_1_1, R44.DischargeVertexData.carrier_vertex_lookup._native.native_decide.ax_1_1, R44.DischargeVertexData.feature_index_bounds._native.native_decide.ax_1_1, R44.DischargeVertexData.feature_vertex_lookup._native.native_decide.ax_1_1]
'R44.actual_parent_crossContacts_legal' depends on axioms: [propext, Classical.choice, Quot.sound, R44.atlas_44._native.native_decide.ax_1_1, R44.mate_records_roles_nonempty._native.native_decide.ax_1_1, R44.mates_census._native.native_decide.ax_1_1, R44.mesh_angle_audit._native.native_decide.ax_1_1, R44.profile_canonical._native.native_decide.ax_1_1, R44.registered_shell_cell_controls._native.native_decide.ax_1_1, R44.solid_mesh_exact._native.native_decide.ax_1_1, R44.DischargeCarrierStrata.carrier_coordinate_states_table._native.native_decide.ax_1_1, R44.DischargeMeshTrace.native_mesh_incidence_trace._native.native_decide.ax_1_1, R44.DischargeVertexData.carrier_vertex_lookup._native.native_decide.ax_1_1, R44.DischargeVertexData.feature_index_bounds._native.native_decide.ax_1_1, R44.DischargeVertexData.feature_vertex_lookup._native.native_decide.ax_1_1]
'R44.parent_atlas_admissibility' depends on axioms: [propext, Classical.choice, Quot.sound, R44.atlas_44._native.native_decide.ax_1_1, R44.mate_records_roles_nonempty._native.native_decide.ax_1_1, R44.mates_census._native.native_decide.ax_1_1, R44.mesh_angle_audit._native.native_decide.ax_1_1, R44.profile_canonical._native.native_decide.ax_1_1, R44.registered_shell_cell_controls._native.native_decide.ax_1_1, R44.solid_mesh_exact._native.native_decide.ax_1_1, R44.DischargeCarrierStrata.carrier_coordinate_states_table._native.native_decide.ax_1_1, R44.DischargeMeshTrace.native_mesh_incidence_trace._native.native_decide.ax_1_1, R44.DischargeVertexData.carrier_vertex_lookup._native.native_decide.ax_1_1, R44.DischargeVertexData.feature_index_bounds._native.native_decide.ax_1_1, R44.DischargeVertexData.feature_vertex_lookup._native.native_decide.ax_1_1]
'R44.evenPose_transform' depends on axioms: [propext, Classical.choice, Quot.sound]
'R44.evenPose_relative_trans' depends on axioms: [propext, Classical.choice, Quot.sound]
'R44.parent_common_parity' depends on axioms: [propext, Classical.choice, Quot.sound, R44.atlas_44._native.native_decide.ax_1_1, R44.mate_records_roles_nonempty._native.native_decide.ax_1_1, R44.mates_census._native.native_decide.ax_1_1, R44.mesh_angle_audit._native.native_decide.ax_1_1, R44.profile_canonical._native.native_decide.ax_1_1, R44.registered_shell_cell_controls._native.native_decide.ax_1_1, R44.solid_mesh_exact._native.native_decide.ax_1_1, R44.DischargeCarrierStrata.carrier_coordinate_states_table._native.native_decide.ax_1_1, R44.DischargeMeshTrace.native_mesh_incidence_trace._native.native_decide.ax_1_1, R44.DischargeVertexData.carrier_vertex_lookup._native.native_decide.ax_1_1, R44.DischargeVertexData.feature_index_bounds._native.native_decide.ax_1_1, R44.DischargeVertexData.feature_vertex_lookup._native.native_decide.ax_1_1]
'R44.halved_parent_baseline_tiling' depends on axioms: [propext, Classical.choice, Quot.sound, R44.atlas_44._native.native_decide.ax_1_1, R44.mate_records_roles_nonempty._native.native_decide.ax_1_1, R44.mates_census._native.native_decide.ax_1_1, R44.mesh_angle_audit._native.native_decide.ax_1_1, R44.parent_atlas_eq_fine._native.native_decide.ax_1_1, R44.profile_canonical._native.native_decide.ax_1_1, R44.registered_shell_cell_controls._native.native_decide.ax_1_1, R44.solid_mesh_exact._native.native_decide.ax_1_1, R44.DischargeCarrierStrata.carrier_coordinate_states_table._native.native_decide.ax_1_1, R44.DischargeMeshTrace.native_mesh_incidence_trace._native.native_decide.ax_1_1, R44.DischargeVertexData.carrier_vertex_lookup._native.native_decide.ax_1_1, R44.DischargeVertexData.feature_index_bounds._native.native_decide.ax_1_1, R44.DischargeVertexData.feature_vertex_lookup._native.native_decide.ax_1_1]
'R44.uniqueParentPartition_translate' depends on axioms: [propext, Classical.choice, Quot.sound, R44.atlas_44._native.native_decide.ax_1_1, R44.central_completion._native.native_decide.ax_1_1, R44.first_shells_33._native.native_decide.ax_1_1, R44.mate_records_roles_nonempty._native.native_decide.ax_1_1, R44.mates_census._native.native_decide.ax_1_1, R44.mesh_angle_audit._native.native_decide.ax_1_1, R44.orientation_group_24._native.native_decide.ax_1_1, R44.parent_conflicts_28._native.native_decide.ax_1_1, R44.profile_canonical._native.native_decide.ax_1_1, R44.registered_shell_cell_controls._native.native_decide.ax_1_1, R44.solid_mesh_exact._native.native_decide.ax_1_1, R44.DischargeCarrierStrata.carrier_coordinate_states_table._native.native_decide.ax_1_1, R44.DischargeMeshTrace.native_mesh_incidence_trace._native.native_decide.ax_1_1, R44.DischargeVertexData.carrier_vertex_lookup._native.native_decide.ax_1_1, R44.DischargeVertexData.feature_index_bounds._native.native_decide.ax_1_1, R44.DischargeVertexData.feature_vertex_lookup._native.native_decide.ax_1_1]
'R44.coarsening_is_tiling' depends on axioms: [propext, Classical.choice, Quot.sound, R44.atlas_44._native.native_decide.ax_1_1, R44.mate_records_roles_nonempty._native.native_decide.ax_1_1, R44.mates_census._native.native_decide.ax_1_1, R44.mesh_angle_audit._native.native_decide.ax_1_1, R44.orientation_group_24._native.native_decide.ax_1_1, R44.parent_atlas_eq_fine._native.native_decide.ax_1_1, R44.profile_canonical._native.native_decide.ax_1_1, R44.registered_shell_cell_controls._native.native_decide.ax_1_1, R44.solid_mesh_exact._native.native_decide.ax_1_1, R44.DischargeCarrierStrata.carrier_coordinate_states_table._native.native_decide.ax_1_1, R44.DischargeMeshTrace.native_mesh_incidence_trace._native.native_decide.ax_1_1, R44.DischargeVertexData.carrier_vertex_lookup._native.native_decide.ax_1_1, R44.DischargeVertexData.feature_index_bounds._native.native_decide.ax_1_1, R44.DischargeVertexData.feature_vertex_lookup._native.native_decide.ax_1_1]
'R44.coarsening_realization' depends on axioms: [propext, Classical.choice, Quot.sound, R44.atlas_44._native.native_decide.ax_1_1, R44.mate_records_roles_nonempty._native.native_decide.ax_1_1, R44.mates_census._native.native_decide.ax_1_1, R44.mesh_angle_audit._native.native_decide.ax_1_1, R44.parent_atlas_eq_fine._native.native_decide.ax_1_1, R44.profile_canonical._native.native_decide.ax_1_1, R44.registered_shell_cell_controls._native.native_decide.ax_1_1, R44.solid_mesh_exact._native.native_decide.ax_1_1, R44.DischargeCarrierStrata.carrier_coordinate_states_table._native.native_decide.ax_1_1, R44.DischargeMeshTrace.native_mesh_incidence_trace._native.native_decide.ax_1_1, R44.DischargeVertexData.carrier_vertex_lookup._native.native_decide.ax_1_1, R44.DischargeVertexData.feature_index_bounds._native.native_decide.ax_1_1, R44.DischargeVertexData.feature_vertex_lookup._native.native_decide.ax_1_1]
'R44.coarsening_placements' depends on axioms: [propext, Classical.choice, Quot.sound, R44.atlas_44._native.native_decide.ax_1_1, R44.central_completion._native.native_decide.ax_1_1, R44.first_shells_33._native.native_decide.ax_1_1, R44.mate_records_roles_nonempty._native.native_decide.ax_1_1, R44.mates_census._native.native_decide.ax_1_1, R44.mesh_angle_audit._native.native_decide.ax_1_1, R44.orientation_group_24._native.native_decide.ax_1_1, R44.parent_atlas_eq_fine._native.native_decide.ax_1_1, R44.parent_conflicts_28._native.native_decide.ax_1_1, R44.profile_canonical._native.native_decide.ax_1_1, R44.registered_shell_cell_controls._native.native_decide.ax_1_1, R44.solid_mesh_exact._native.native_decide.ax_1_1, R44.DischargeCarrierStrata.carrier_coordinate_states_table._native.native_decide.ax_1_1, R44.DischargeMeshTrace.native_mesh_incidence_trace._native.native_decide.ax_1_1, R44.DischargeVertexData.carrier_vertex_lookup._native.native_decide.ax_1_1, R44.DischargeVertexData.feature_index_bounds._native.native_decide.ax_1_1, R44.DischargeVertexData.feature_vertex_lookup._native.native_decide.ax_1_1]
'R44.coarsening_translation_equivariant' depends on axioms: [propext, Classical.choice, Quot.sound, R44.atlas_44._native.native_decide.ax_1_1, R44.central_completion._native.native_decide.ax_1_1, R44.first_shells_33._native.native_decide.ax_1_1, R44.mate_records_roles_nonempty._native.native_decide.ax_1_1, R44.mates_census._native.native_decide.ax_1_1, R44.mesh_angle_audit._native.native_decide.ax_1_1, R44.orientation_group_24._native.native_decide.ax_1_1, R44.parent_atlas_eq_fine._native.native_decide.ax_1_1, R44.parent_conflicts_28._native.native_decide.ax_1_1, R44.profile_canonical._native.native_decide.ax_1_1, R44.registered_shell_cell_controls._native.native_decide.ax_1_1, R44.solid_mesh_exact._native.native_decide.ax_1_1, R44.DischargeCarrierStrata.carrier_coordinate_states_table._native.native_decide.ax_1_1, R44.DischargeMeshTrace.native_mesh_incidence_trace._native.native_decide.ax_1_1, R44.DischargeVertexData.carrier_vertex_lookup._native.native_decide.ax_1_1, R44.DischargeVertexData.feature_index_bounds._native.native_decide.ax_1_1, R44.DischargeVertexData.feature_vertex_lookup._native.native_decide.ax_1_1]
'R44.period_halving' depends on axioms: [propext, Classical.choice, Quot.sound, R44.atlas_44._native.native_decide.ax_1_1, R44.central_completion._native.native_decide.ax_1_1, R44.first_shells_33._native.native_decide.ax_1_1, R44.mate_records_roles_nonempty._native.native_decide.ax_1_1, R44.mates_census._native.native_decide.ax_1_1, R44.mesh_angle_audit._native.native_decide.ax_1_1, R44.orientation_group_24._native.native_decide.ax_1_1, R44.parent_atlas_eq_fine._native.native_decide.ax_1_1, R44.parent_conflicts_28._native.native_decide.ax_1_1, R44.profile_canonical._native.native_decide.ax_1_1, R44.registered_shell_cell_controls._native.native_decide.ax_1_1, R44.solid_mesh_exact._native.native_decide.ax_1_1, R44.transported_role_geometry._native.native_decide.ax_1_1, R44.DischargeCarrierStrata.carrier_coordinate_states_table._native.native_decide.ax_1_1, R44.DischargeMeshTrace.native_mesh_incidence_trace._native.native_decide.ax_1_1, R44.DischargeVertexData.carrier_vertex_lookup._native.native_decide.ax_1_1, R44.DischargeVertexData.feature_index_bounds._native.native_decide.ax_1_1, R44.DischargeVertexData.feature_vertex_lookup._native.native_decide.ax_1_1]
'R44.period_iterate' depends on axioms: [propext, Classical.choice, Quot.sound, R44.atlas_44._native.native_decide.ax_1_1, R44.central_completion._native.native_decide.ax_1_1, R44.first_shells_33._native.native_decide.ax_1_1, R44.mate_records_roles_nonempty._native.native_decide.ax_1_1, R44.mates_census._native.native_decide.ax_1_1, R44.mesh_angle_audit._native.native_decide.ax_1_1, R44.orientation_group_24._native.native_decide.ax_1_1, R44.parent_atlas_eq_fine._native.native_decide.ax_1_1, R44.parent_conflicts_28._native.native_decide.ax_1_1, R44.profile_canonical._native.native_decide.ax_1_1, R44.registered_shell_cell_controls._native.native_decide.ax_1_1, R44.solid_mesh_exact._native.native_decide.ax_1_1, R44.transported_role_geometry._native.native_decide.ax_1_1, R44.DischargeCarrierStrata.carrier_coordinate_states_table._native.native_decide.ax_1_1, R44.DischargeMeshTrace.native_mesh_incidence_trace._native.native_decide.ax_1_1, R44.DischargeVertexData.carrier_vertex_lookup._native.native_decide.ax_1_1, R44.DischargeVertexData.feature_index_bounds._native.native_decide.ax_1_1, R44.DischargeVertexData.feature_vertex_lookup._native.native_decide.ax_1_1]
'R44.carrier_hierarchy_exists' depends on axioms: [propext, Classical.choice, Quot.sound, R44.atlas_44._native.native_decide.ax_1_1, R44.central_completion._native.native_decide.ax_1_1, R44.first_shells_33._native.native_decide.ax_1_1, R44.mate_records_roles_nonempty._native.native_decide.ax_1_1, R44.mates_census._native.native_decide.ax_1_1, R44.mesh_angle_audit._native.native_decide.ax_1_1, R44.orientation_group_24._native.native_decide.ax_1_1, R44.parent_atlas_eq_fine._native.native_decide.ax_1_1, R44.parent_conflicts_28._native.native_decide.ax_1_1, R44.profile_canonical._native.native_decide.ax_1_1, R44.registered_shell_cell_controls._native.native_decide.ax_1_1, R44.solid_mesh_exact._native.native_decide.ax_1_1, R44.DischargeCarrierStrata.carrier_coordinate_states_table._native.native_decide.ax_1_1, R44.DischargeMeshTrace.native_mesh_incidence_trace._native.native_decide.ax_1_1, R44.DischargeVertexData.carrier_vertex_lookup._native.native_decide.ax_1_1, R44.DischargeVertexData.feature_index_bounds._native.native_decide.ax_1_1, R44.DischargeVertexData.feature_vertex_lookup._native.native_decide.ax_1_1]
'R44.carrier_hierarchy_unique' depends on axioms: [propext, Classical.choice, Quot.sound, R44.atlas_44._native.native_decide.ax_1_1, R44.central_completion._native.native_decide.ax_1_1, R44.first_shells_33._native.native_decide.ax_1_1, R44.mate_records_roles_nonempty._native.native_decide.ax_1_1, R44.mates_census._native.native_decide.ax_1_1, R44.mesh_angle_audit._native.native_decide.ax_1_1, R44.orientation_group_24._native.native_decide.ax_1_1, R44.parent_atlas_eq_fine._native.native_decide.ax_1_1, R44.parent_conflicts_28._native.native_decide.ax_1_1, R44.profile_canonical._native.native_decide.ax_1_1, R44.registered_shell_cell_controls._native.native_decide.ax_1_1, R44.solid_mesh_exact._native.native_decide.ax_1_1, R44.DischargeCarrierStrata.carrier_coordinate_states_table._native.native_decide.ax_1_1, R44.DischargeMeshTrace.native_mesh_incidence_trace._native.native_decide.ax_1_1, R44.DischargeVertexData.carrier_vertex_lookup._native.native_decide.ax_1_1, R44.DischargeVertexData.feature_index_bounds._native.native_decide.ax_1_1, R44.DischargeVertexData.feature_vertex_lookup._native.native_decide.ax_1_1]
'R44.carrier_hierarchy' depends on axioms: [propext, Classical.choice, Quot.sound, R44.atlas_44._native.native_decide.ax_1_1, R44.central_completion._native.native_decide.ax_1_1, R44.first_shells_33._native.native_decide.ax_1_1, R44.mate_records_roles_nonempty._native.native_decide.ax_1_1, R44.mates_census._native.native_decide.ax_1_1, R44.mesh_angle_audit._native.native_decide.ax_1_1, R44.orientation_group_24._native.native_decide.ax_1_1, R44.parent_atlas_eq_fine._native.native_decide.ax_1_1, R44.parent_conflicts_28._native.native_decide.ax_1_1, R44.profile_canonical._native.native_decide.ax_1_1, R44.registered_shell_cell_controls._native.native_decide.ax_1_1, R44.solid_mesh_exact._native.native_decide.ax_1_1, R44.DischargeCarrierStrata.carrier_coordinate_states_table._native.native_decide.ax_1_1, R44.DischargeMeshTrace.native_mesh_incidence_trace._native.native_decide.ax_1_1, R44.DischargeVertexData.carrier_vertex_lookup._native.native_decide.ax_1_1, R44.DischargeVertexData.feature_index_bounds._native.native_decide.ax_1_1, R44.DischargeVertexData.feature_vertex_lookup._native.native_decide.ax_1_1]
'R44.carrierHierarchy_geometric' depends on axioms: [propext, Classical.choice, Quot.sound, R44.atlas_44._native.native_decide.ax_1_1, R44.central_completion._native.native_decide.ax_1_1, R44.first_shells_33._native.native_decide.ax_1_1, R44.mate_records_roles_nonempty._native.native_decide.ax_1_1, R44.mates_census._native.native_decide.ax_1_1, R44.mesh_angle_audit._native.native_decide.ax_1_1, R44.orientation_group_24._native.native_decide.ax_1_1, R44.parent_atlas_eq_fine._native.native_decide.ax_1_1, R44.parent_conflicts_28._native.native_decide.ax_1_1, R44.profile_canonical._native.native_decide.ax_1_1, R44.registered_shell_cell_controls._native.native_decide.ax_1_1, R44.solid_mesh_exact._native.native_decide.ax_1_1, R44.DischargeCarrierStrata.carrier_coordinate_states_table._native.native_decide.ax_1_1, R44.DischargeMeshTrace.native_mesh_incidence_trace._native.native_decide.ax_1_1, R44.DischargeVertexData.carrier_vertex_lookup._native.native_decide.ax_1_1, R44.DischargeVertexData.feature_index_bounds._native.native_decide.ax_1_1, R44.DischargeVertexData.feature_vertex_lookup._native.native_decide.ax_1_1]
'R44.geometric_hierarchy_canonical' depends on axioms: [propext, Classical.choice, Quot.sound, R44.atlas_44._native.native_decide.ax_1_1, R44.central_completion._native.native_decide.ax_1_1, R44.first_shells_33._native.native_decide.ax_1_1, R44.mate_records_roles_nonempty._native.native_decide.ax_1_1, R44.mates_census._native.native_decide.ax_1_1, R44.mesh_angle_audit._native.native_decide.ax_1_1, R44.orientation_group_24._native.native_decide.ax_1_1, R44.parent_atlas_eq_fine._native.native_decide.ax_1_1, R44.parent_conflicts_28._native.native_decide.ax_1_1, R44.profile_canonical._native.native_decide.ax_1_1, R44.registered_shell_cell_controls._native.native_decide.ax_1_1, R44.solid_mesh_exact._native.native_decide.ax_1_1, R44.DischargeCarrierStrata.carrier_coordinate_states_table._native.native_decide.ax_1_1, R44.DischargeMeshTrace.native_mesh_incidence_trace._native.native_decide.ax_1_1, R44.DischargeVertexData.carrier_vertex_lookup._native.native_decide.ax_1_1, R44.DischargeVertexData.feature_index_bounds._native.native_decide.ax_1_1, R44.DischargeVertexData.feature_vertex_lookup._native.native_decide.ax_1_1]
'R44.geometric_hierarchy_unique' depends on axioms: [propext, Classical.choice, Quot.sound, R44.atlas_44._native.native_decide.ax_1_1, R44.central_completion._native.native_decide.ax_1_1, R44.first_shells_33._native.native_decide.ax_1_1, R44.mate_records_roles_nonempty._native.native_decide.ax_1_1, R44.mates_census._native.native_decide.ax_1_1, R44.mesh_angle_audit._native.native_decide.ax_1_1, R44.orientation_group_24._native.native_decide.ax_1_1, R44.parent_atlas_eq_fine._native.native_decide.ax_1_1, R44.parent_conflicts_28._native.native_decide.ax_1_1, R44.profile_canonical._native.native_decide.ax_1_1, R44.registered_shell_cell_controls._native.native_decide.ax_1_1, R44.solid_mesh_exact._native.native_decide.ax_1_1, R44.DischargeCarrierStrata.carrier_coordinate_states_table._native.native_decide.ax_1_1, R44.DischargeMeshTrace.native_mesh_incidence_trace._native.native_decide.ax_1_1, R44.DischargeVertexData.carrier_vertex_lookup._native.native_decide.ax_1_1, R44.DischargeVertexData.feature_index_bounds._native.native_decide.ax_1_1, R44.DischargeVertexData.feature_vertex_lookup._native.native_decide.ax_1_1]
'R44.CarrierHierarchy.toGeometric_toCarrier' depends on axioms: [propext, Classical.choice, Quot.sound, R44.atlas_44._native.native_decide.ax_1_1, R44.central_completion._native.native_decide.ax_1_1, R44.first_shells_33._native.native_decide.ax_1_1, R44.mate_records_roles_nonempty._native.native_decide.ax_1_1, R44.mates_census._native.native_decide.ax_1_1, R44.mesh_angle_audit._native.native_decide.ax_1_1, R44.orientation_group_24._native.native_decide.ax_1_1, R44.parent_atlas_eq_fine._native.native_decide.ax_1_1, R44.parent_conflicts_28._native.native_decide.ax_1_1, R44.profile_canonical._native.native_decide.ax_1_1, R44.registered_shell_cell_controls._native.native_decide.ax_1_1, R44.solid_mesh_exact._native.native_decide.ax_1_1, R44.DischargeCarrierStrata.carrier_coordinate_states_table._native.native_decide.ax_1_1, R44.DischargeMeshTrace.native_mesh_incidence_trace._native.native_decide.ax_1_1, R44.DischargeVertexData.carrier_vertex_lookup._native.native_decide.ax_1_1, R44.DischargeVertexData.feature_index_bounds._native.native_decide.ax_1_1, R44.DischargeVertexData.feature_vertex_lookup._native.native_decide.ax_1_1]
'R44.GeometricHierarchy.toCarrier_toGeometric' depends on axioms: [propext, Classical.choice, Quot.sound, R44.atlas_44._native.native_decide.ax_1_1, R44.central_completion._native.native_decide.ax_1_1, R44.first_shells_33._native.native_decide.ax_1_1, R44.mate_records_roles_nonempty._native.native_decide.ax_1_1, R44.mates_census._native.native_decide.ax_1_1, R44.mesh_angle_audit._native.native_decide.ax_1_1, R44.orientation_group_24._native.native_decide.ax_1_1, R44.parent_atlas_eq_fine._native.native_decide.ax_1_1, R44.parent_conflicts_28._native.native_decide.ax_1_1, R44.profile_canonical._native.native_decide.ax_1_1, R44.registered_shell_cell_controls._native.native_decide.ax_1_1, R44.solid_mesh_exact._native.native_decide.ax_1_1, R44.DischargeCarrierStrata.carrier_coordinate_states_table._native.native_decide.ax_1_1, R44.DischargeMeshTrace.native_mesh_incidence_trace._native.native_decide.ax_1_1, R44.DischargeVertexData.carrier_vertex_lookup._native.native_decide.ax_1_1, R44.DischargeVertexData.feature_index_bounds._native.native_decide.ax_1_1, R44.DischargeVertexData.feature_vertex_lookup._native.native_decide.ax_1_1]
'R44.gridVector_norm_separated' depends on axioms: [propext, Classical.choice, Quot.sound]
'R44.no_period' depends on axioms: [propext, Classical.choice, Quot.sound]
'R44.sym_card_le_24' depends on axioms: [propext, Classical.choice, Quot.sound]
'R44.nested_exhaustion' depends on axioms: [propext, Classical.choice, Quot.sound, R44.atlas_44._native.native_decide.ax_1_1, R44.hierarchy_cell_controls._native.native_decide.ax_1_1, R44.profile_canonical._native.native_decide.ax_1_1, R44.registered_shell_cell_controls._native.native_decide.ax_1_1]
'R44.existence' depends on axioms: [propext, Classical.choice, Quot.sound, R44.atlas_44._native.native_decide.ax_1_1, R44.contact_closure_30._native.native_decide.ax_1_1, R44.hierarchy_cell_controls._native.native_decide.ax_1_1, R44.nested_substitution_controls._native.native_decide.ax_1_1, R44.profile_canonical._native.native_decide.ax_1_1, R44.registered_shell_cell_controls._native.native_decide.ax_1_1]
'R44.r44_einstein_of_hypotheses' depends on axioms: [propext, Classical.choice, Quot.sound, R44.atlas_44._native.native_decide.ax_1_1, R44.central_completion._native.native_decide.ax_1_1, R44.contact_closure_30._native.native_decide.ax_1_1, R44.first_shells_33._native.native_decide.ax_1_1, R44.hierarchy_cell_controls._native.native_decide.ax_1_1, R44.mate_records_roles_nonempty._native.native_decide.ax_1_1, R44.mates_census._native.native_decide.ax_1_1, R44.mesh_angle_audit._native.native_decide.ax_1_1, R44.nested_substitution_controls._native.native_decide.ax_1_1, R44.orientation_group_24._native.native_decide.ax_1_1, R44.parent_atlas_eq_fine._native.native_decide.ax_1_1, R44.parent_conflicts_28._native.native_decide.ax_1_1, R44.profile_canonical._native.native_decide.ax_1_1, R44.registered_shell_cell_controls._native.native_decide.ax_1_1, R44.solid_mesh_exact._native.native_decide.ax_1_1, R44.transported_role_geometry._native.native_decide.ax_1_1, R44.DischargeCarrierStrata.carrier_coordinate_states_table._native.native_decide.ax_1_1, R44.DischargeMeshTrace.native_mesh_incidence_trace._native.native_decide.ax_1_1, R44.DischargeVertexData.carrier_vertex_lookup._native.native_decide.ax_1_1, R44.DischargeVertexData.feature_index_bounds._native.native_decide.ax_1_1, R44.DischargeVertexData.feature_vertex_lookup._native.native_decide.ax_1_1]
'R44.r44_einstein' depends on axioms: [propext, Classical.choice, Quot.sound, R44.atlas_44._native.native_decide.ax_1_1, R44.central_completion._native.native_decide.ax_1_1, R44.contact_closure_30._native.native_decide.ax_1_1, R44.first_shells_33._native.native_decide.ax_1_1, R44.hierarchy_cell_controls._native.native_decide.ax_1_1, R44.mate_records_roles_nonempty._native.native_decide.ax_1_1, R44.mates_census._native.native_decide.ax_1_1, R44.mesh_angle_audit._native.native_decide.ax_1_1, R44.nested_substitution_controls._native.native_decide.ax_1_1, R44.orientation_group_24._native.native_decide.ax_1_1, R44.parent_atlas_eq_fine._native.native_decide.ax_1_1, R44.parent_conflicts_28._native.native_decide.ax_1_1, R44.profile_canonical._native.native_decide.ax_1_1, R44.registered_shell_cell_controls._native.native_decide.ax_1_1, R44.solid_mesh_exact._native.native_decide.ax_1_1, R44.transported_role_geometry._native.native_decide.ax_1_1, R44.DischargeCarrierStrata.carrier_coordinate_states_table._native.native_decide.ax_1_1, R44.DischargeMeshTrace.native_mesh_incidence_trace._native.native_decide.ax_1_1, R44.DischargeVertexData.carrier_vertex_lookup._native.native_decide.ax_1_1, R44.DischargeVertexData.feature_index_bounds._native.native_decide.ax_1_1, R44.DischargeVertexData.feature_vertex_lookup._native.native_decide.ax_1_1]
